src/features/device-profiles/components/ProfilesList.tsx(1230,14): error TS17008: JSX element 'Modal' has no corresponding closing tag.
src/features/device-profiles/components/ProfilesList.tsx(1414,31): error TS17002: Expected corresponding JSX closing tag for 'div'.
src/features/device-profiles/components/ProfilesList.tsx(1469,13): error TS1005: ')' expected.
src/features/device-profiles/components/ProfilesList.tsx(1474,21): error TS1136: Property assignment expected.
src/features/device-profiles/components/ProfilesList.tsx(1474,26): error TS1005: ';' expected.
src/features/device-profiles/components/ProfilesList.tsx(1476,25): error TS1434: Unexpected keyword or identifier.
src/features/device-profiles/components/ProfilesList.tsx(1477,21): error TS1128: Declaration or statement expected.
src/features/device-profiles/components/ProfilesList.tsx(1478,17): error TS1109: Expression expected.
src/features/device-profiles/components/ProfilesList.tsx(1480,27): error TS1136: Property assignment expected.
src/features/device-profiles/components/ProfilesList.tsx(1480,30): error TS1005: ';' expected.
src/features/device-profiles/components/ProfilesList.tsx(1480,66): error TS1128: Declaration or statement expected.
src/features/device-profiles/components/ProfilesList.tsx(1481,29): error TS1005: ':' expected.
src/features/device-profiles/components/ProfilesList.tsx(1482,27): error TS1005: ':' expected.
src/features/device-profiles/components/ProfilesList.tsx(1484,25): error TS1136: Property assignment expected.
src/features/device-profiles/components/ProfilesList.tsx(1486,18): error TS1128: Declaration or statement expected.
src/features/device-profiles/components/ProfilesList.tsx(1628,13): error TS1128: Declaration or statement expected.
src/features/device-profiles/components/ProfilesList.tsx(1633,21): error TS1136: Property assignment expected.
src/features/device-profiles/components/ProfilesList.tsx(1633,26): error TS1005: ';' expected.
src/features/device-profiles/components/ProfilesList.tsx(1635,25): error TS1434: Unexpected keyword or identifier.
src/features/device-profiles/components/ProfilesList.tsx(1636,21): error TS1128: Declaration or statement expected.
src/features/device-profiles/components/ProfilesList.tsx(1637,17): error TS1109: Expression expected.
src/features/device-profiles/components/ProfilesList.tsx(1639,27): error TS1136: Property assignment expected.
src/features/device-profiles/components/ProfilesList.tsx(1639,30): error TS1005: ';' expected.
src/features/device-profiles/components/ProfilesList.tsx(1639,70): error TS1128: Declaration or statement expected.
src/features/device-profiles/components/ProfilesList.tsx(1640,29): error TS1005: ':' expected.
src/features/device-profiles/components/ProfilesList.tsx(1641,27): error TS1005: ':' expected.
src/features/device-profiles/components/ProfilesList.tsx(1643,25): error TS1136: Property assignment expected.
src/features/device-profiles/components/ProfilesList.tsx(1645,18): error TS1128: Declaration or statement expected.
src/features/device-profiles/components/ProfilesList.tsx(1942,13): error TS1128: Declaration or statement expected.
src/features/device-profiles/components/ProfilesList.tsx(1947,21): error TS1136: Property assignment expected.
src/features/device-profiles/components/ProfilesList.tsx(1947,26): error TS1005: ';' expected.
src/features/device-profiles/components/ProfilesList.tsx(1949,25): error TS1434: Unexpected keyword or identifier.
src/features/device-profiles/components/ProfilesList.tsx(1950,21): error TS1128: Declaration or statement expected.
src/features/device-profiles/components/ProfilesList.tsx(1951,17): error TS1109: Expression expected.
src/features/device-profiles/components/ProfilesList.tsx(1953,27): error TS1136: Property assignment expected.
src/features/device-profiles/components/ProfilesList.tsx(1953,30): error TS1005: ';' expected.
src/features/device-profiles/components/ProfilesList.tsx(1953,65): error TS1128: Declaration or statement expected.
src/features/device-profiles/components/ProfilesList.tsx(1954,29): error TS1005: ':' expected.
src/features/device-profiles/components/ProfilesList.tsx(1955,27): error TS1005: ':' expected.
src/features/device-profiles/components/ProfilesList.tsx(1957,25): error TS1136: Property assignment expected.
src/features/device-profiles/components/ProfilesList.tsx(1959,18): error TS1128: Declaration or statement expected.
src/features/device-profiles/components/ProfilesList.tsx(2196,13): error TS1128: Declaration or statement expected.
src/features/device-profiles/components/ProfilesList.tsx(2201,21): error TS1136: Property assignment expected.
src/features/device-profiles/components/ProfilesList.tsx(2201,26): error TS1005: ';' expected.
src/features/device-profiles/components/ProfilesList.tsx(2203,25): error TS1435: Unknown keyword or identifier. Did you mean 'global'?
src/features/device-profiles/components/ProfilesList.tsx(2203,32): error TS1434: Unexpected keyword or identifier.
src/features/device-profiles/components/ProfilesList.tsx(2203,37): error TS1434: Unexpected keyword or identifier.
src/features/device-profiles/components/ProfilesList.tsx(2204,21): error TS1128: Declaration or statement expected.
src/features/device-profiles/components/ProfilesList.tsx(2205,17): error TS1109: Expression expected.
src/features/device-profiles/components/ProfilesList.tsx(2207,27): error TS1136: Property assignment expected.
src/features/device-profiles/components/ProfilesList.tsx(2207,30): error TS1005: ';' expected.
src/features/device-profiles/components/ProfilesList.tsx(2207,67): error TS1128: Declaration or statement expected.
src/features/device-profiles/components/ProfilesList.tsx(2208,29): error TS1005: ':' expected.
src/features/device-profiles/components/ProfilesList.tsx(2209,27): error TS1005: ':' expected.
src/features/device-profiles/components/ProfilesList.tsx(2211,25): error TS1136: Property assignment expected.
src/features/device-profiles/components/ProfilesList.tsx(2213,18): error TS1128: Declaration or statement expected.
src/features/device-profiles/components/ProfilesList.tsx(2285,13): error TS1128: Declaration or statement expected.
src/features/device-profiles/components/ProfilesList.tsx(2290,21): error TS1136: Property assignment expected.
src/features/device-profiles/components/ProfilesList.tsx(2290,26): error TS1005: ';' expected.
src/features/device-profiles/components/ProfilesList.tsx(2292,25): error TS1434: Unexpected keyword or identifier.
src/features/device-profiles/components/ProfilesList.tsx(2292,29): error TS1434: Unexpected keyword or identifier.
src/features/device-profiles/components/ProfilesList.tsx(2293,21): error TS1128: Declaration or statement expected.
src/features/device-profiles/components/ProfilesList.tsx(2294,17): error TS1109: Expression expected.
src/features/device-profiles/components/ProfilesList.tsx(2296,27): error TS1136: Property assignment expected.
src/features/device-profiles/components/ProfilesList.tsx(2296,30): error TS1005: ';' expected.
src/features/device-profiles/components/ProfilesList.tsx(2296,66): error TS1128: Declaration or statement expected.
src/features/device-profiles/components/ProfilesList.tsx(2297,29): error TS1005: ':' expected.
src/features/device-profiles/components/ProfilesList.tsx(2298,27): error TS1005: ':' expected.
src/features/device-profiles/components/ProfilesList.tsx(2300,25): error TS1136: Property assignment expected.
src/features/device-profiles/components/ProfilesList.tsx(2302,18): error TS1128: Declaration or statement expected.
src/features/device-profiles/components/ProfilesList.tsx(2361,13): error TS1128: Declaration or statement expected.
src/features/device-profiles/components/ProfilesList.tsx(2366,21): error TS1136: Property assignment expected.
src/features/device-profiles/components/ProfilesList.tsx(2366,26): error TS1005: ';' expected.
src/features/device-profiles/components/ProfilesList.tsx(2368,25): error TS1434: Unexpected keyword or identifier.
src/features/device-profiles/components/ProfilesList.tsx(2368,33): error TS1434: Unexpected keyword or identifier.
src/features/device-profiles/components/ProfilesList.tsx(2369,21): error TS1128: Declaration or statement expected.
src/features/device-profiles/components/ProfilesList.tsx(2370,17): error TS1109: Expression expected.
src/features/device-profiles/components/ProfilesList.tsx(2372,27): error TS1136: Property assignment expected.
src/features/device-profiles/components/ProfilesList.tsx(2372,30): error TS1005: ';' expected.
src/features/device-profiles/components/ProfilesList.tsx(2372,71): error TS1128: Declaration or statement expected.
src/features/device-profiles/components/ProfilesList.tsx(2373,29): error TS1005: ':' expected.
src/features/device-profiles/components/ProfilesList.tsx(2374,27): error TS1005: ':' expected.
src/features/device-profiles/components/ProfilesList.tsx(2376,25): error TS1136: Property assignment expected.
src/features/device-profiles/components/ProfilesList.tsx(2378,18): error TS1128: Declaration or statement expected.
src/features/device-profiles/components/ProfilesList.tsx(2798,13): error TS1128: Declaration or statement expected.
src/features/device-profiles/components/ProfilesList.tsx(2803,21): error TS1136: Property assignment expected.
src/features/device-profiles/components/ProfilesList.tsx(2803,26): error TS1005: ';' expected.
src/features/device-profiles/components/ProfilesList.tsx(2805,25): error TS1434: Unexpected keyword or identifier.
src/features/device-profiles/components/ProfilesList.tsx(2806,21): error TS1128: Declaration or statement expected.
src/features/device-profiles/components/ProfilesList.tsx(2807,17): error TS1109: Expression expected.
src/features/device-profiles/components/ProfilesList.tsx(2809,27): error TS1136: Property assignment expected.
src/features/device-profiles/components/ProfilesList.tsx(2809,30): error TS1005: ';' expected.
src/features/device-profiles/components/ProfilesList.tsx(2809,81): error TS1128: Declaration or statement expected.
src/features/device-profiles/components/ProfilesList.tsx(2810,29): error TS1005: ':' expected.
src/features/device-profiles/components/ProfilesList.tsx(2811,27): error TS1005: ':' expected.
src/features/device-profiles/components/ProfilesList.tsx(2813,25): error TS1136: Property assignment expected.
src/features/device-profiles/components/ProfilesList.tsx(2815,18): error TS1128: Declaration or statement expected.
src/features/device-profiles/components/ProfilesList.tsx(2989,13): error TS1128: Declaration or statement expected.
src/features/device-profiles/components/ProfilesList.tsx(2994,21): error TS1136: Property assignment expected.
src/features/device-profiles/components/ProfilesList.tsx(2994,26): error TS1005: ';' expected.
src/features/device-profiles/components/ProfilesList.tsx(2996,31): error TS1005: ';' expected.
src/features/device-profiles/components/ProfilesList.tsx(2997,21): error TS1128: Declaration or statement expected.
src/features/device-profiles/components/ProfilesList.tsx(2998,17): error TS1109: Expression expected.
src/features/device-profiles/components/ProfilesList.tsx(3000,27): error TS1136: Property assignment expected.
src/features/device-profiles/components/ProfilesList.tsx(3000,30): error TS1005: ';' expected.
src/features/device-profiles/components/ProfilesList.tsx(3000,62): error TS1128: Declaration or statement expected.
src/features/device-profiles/components/ProfilesList.tsx(3001,29): error TS1005: ':' expected.
src/features/device-profiles/components/ProfilesList.tsx(3002,27): error TS1005: ':' expected.
src/features/device-profiles/components/ProfilesList.tsx(3004,25): error TS1136: Property assignment expected.
src/features/device-profiles/components/ProfilesList.tsx(3006,18): error TS1128: Declaration or statement expected.
src/features/device-profiles/components/ProfilesList.tsx(3128,13): error TS1128: Declaration or statement expected.
src/features/device-profiles/components/ProfilesList.tsx(3133,21): error TS1136: Property assignment expected.
src/features/device-profiles/components/ProfilesList.tsx(3133,26): error TS1005: ';' expected.
src/features/device-profiles/components/ProfilesList.tsx(3135,25): error TS1434: Unexpected keyword or identifier.
src/features/device-profiles/components/ProfilesList.tsx(3136,21): error TS1128: Declaration or statement expected.
src/features/device-profiles/components/ProfilesList.tsx(3137,17): error TS1109: Expression expected.
src/features/device-profiles/components/ProfilesList.tsx(3139,27): error TS1136: Property assignment expected.
src/features/device-profiles/components/ProfilesList.tsx(3139,30): error TS1005: ';' expected.
src/features/device-profiles/components/ProfilesList.tsx(3139,61): error TS1128: Declaration or statement expected.
src/features/device-profiles/components/ProfilesList.tsx(3140,29): error TS1005: ':' expected.
src/features/device-profiles/components/ProfilesList.tsx(3141,27): error TS1005: ':' expected.
src/features/device-profiles/components/ProfilesList.tsx(3143,25): error TS1136: Property assignment expected.
src/features/device-profiles/components/ProfilesList.tsx(3145,18): error TS1128: Declaration or statement expected.
src/features/device-profiles/components/ProfilesList.tsx(3267,13): error TS1128: Declaration or statement expected.
src/features/device-profiles/components/ProfilesList.tsx(3272,21): error TS1136: Property assignment expected.
src/features/device-profiles/components/ProfilesList.tsx(3272,26): error TS1005: ';' expected.
src/features/device-profiles/components/ProfilesList.tsx(3274,25): error TS1434: Unexpected keyword or identifier.
src/features/device-profiles/components/ProfilesList.tsx(3275,21): error TS1128: Declaration or statement expected.
src/features/device-profiles/components/ProfilesList.tsx(3276,17): error TS1109: Expression expected.
src/features/device-profiles/components/ProfilesList.tsx(3278,27): error TS1136: Property assignment expected.
src/features/device-profiles/components/ProfilesList.tsx(3278,30): error TS1005: ';' expected.
src/features/device-profiles/components/ProfilesList.tsx(3278,65): error TS1128: Declaration or statement expected.
src/features/device-profiles/components/ProfilesList.tsx(3279,29): error TS1005: ':' expected.
src/features/device-profiles/components/ProfilesList.tsx(3280,27): error TS1005: ':' expected.
src/features/device-profiles/components/ProfilesList.tsx(3282,25): error TS1136: Property assignment expected.
src/features/device-profiles/components/ProfilesList.tsx(3284,18): error TS1128: Declaration or statement expected.
src/features/device-profiles/components/ProfilesList.tsx(3469,13): error TS1128: Declaration or statement expected.
src/features/device-profiles/components/ProfilesList.tsx(3474,21): error TS1136: Property assignment expected.
src/features/device-profiles/components/ProfilesList.tsx(3474,26): error TS1005: ';' expected.
src/features/device-profiles/components/ProfilesList.tsx(3476,25): error TS1434: Unexpected keyword or identifier.
src/features/device-profiles/components/ProfilesList.tsx(3476,33): error TS1434: Unexpected keyword or identifier.
src/features/device-profiles/components/ProfilesList.tsx(3477,21): error TS1128: Declaration or statement expected.
src/features/device-profiles/components/ProfilesList.tsx(3478,17): error TS1109: Expression expected.
src/features/device-profiles/components/ProfilesList.tsx(3480,27): error TS1136: Property assignment expected.
src/features/device-profiles/components/ProfilesList.tsx(3480,30): error TS1005: ';' expected.
src/features/device-profiles/components/ProfilesList.tsx(3480,73): error TS1128: Declaration or statement expected.
src/features/device-profiles/components/ProfilesList.tsx(3481,29): error TS1005: ':' expected.
src/features/device-profiles/components/ProfilesList.tsx(3482,27): error TS1005: ':' expected.
src/features/device-profiles/components/ProfilesList.tsx(3484,25): error TS1136: Property assignment expected.
src/features/device-profiles/components/ProfilesList.tsx(3486,18): error TS1128: Declaration or statement expected.
src/features/device-profiles/components/ProfilesList.tsx(3538,13): error TS1128: Declaration or statement expected.
src/features/device-profiles/components/ProfilesList.tsx(3543,21): error TS1136: Property assignment expected.
src/features/device-profiles/components/ProfilesList.tsx(3543,26): error TS1005: ';' expected.
src/features/device-profiles/components/ProfilesList.tsx(3545,25): error TS1434: Unexpected keyword or identifier.
src/features/device-profiles/components/ProfilesList.tsx(3546,21): error TS1128: Declaration or statement expected.
src/features/device-profiles/components/ProfilesList.tsx(3547,17): error TS1109: Expression expected.
src/features/device-profiles/components/ProfilesList.tsx(3549,27): error TS1136: Property assignment expected.
src/features/device-profiles/components/ProfilesList.tsx(3549,30): error TS1005: ';' expected.
src/features/device-profiles/components/ProfilesList.tsx(3549,66): error TS1128: Declaration or statement expected.
src/features/device-profiles/components/ProfilesList.tsx(3550,29): error TS1005: ':' expected.
src/features/device-profiles/components/ProfilesList.tsx(3551,27): error TS1005: ':' expected.
src/features/device-profiles/components/ProfilesList.tsx(3553,25): error TS1136: Property assignment expected.
src/features/device-profiles/components/ProfilesList.tsx(3555,18): error TS1128: Declaration or statement expected.
src/features/device-profiles/components/ProfilesList.tsx(3695,13): error TS1128: Declaration or statement expected.
src/features/device-profiles/components/ProfilesList.tsx(3700,21): error TS1136: Property assignment expected.
src/features/device-profiles/components/ProfilesList.tsx(3700,26): error TS1005: ';' expected.
src/features/device-profiles/components/ProfilesList.tsx(3702,25): error TS1434: Unexpected keyword or identifier.
src/features/device-profiles/components/ProfilesList.tsx(3703,21): error TS1128: Declaration or statement expected.
src/features/device-profiles/components/ProfilesList.tsx(3704,17): error TS1109: Expression expected.
src/features/device-profiles/components/ProfilesList.tsx(3706,27): error TS1136: Property assignment expected.
src/features/device-profiles/components/ProfilesList.tsx(3706,30): error TS1005: ';' expected.
src/features/device-profiles/components/ProfilesList.tsx(3706,66): error TS1128: Declaration or statement expected.
src/features/device-profiles/components/ProfilesList.tsx(3707,29): error TS1005: ':' expected.
src/features/device-profiles/components/ProfilesList.tsx(3708,27): error TS1005: ':' expected.
src/features/device-profiles/components/ProfilesList.tsx(3710,25): error TS1136: Property assignment expected.
src/features/device-profiles/components/ProfilesList.tsx(3712,18): error TS1128: Declaration or statement expected.
src/features/device-profiles/components/ProfilesList.tsx(3795,13): error TS1128: Declaration or statement expected.
src/features/device-profiles/components/ProfilesList.tsx(3800,21): error TS1136: Property assignment expected.
src/features/device-profiles/components/ProfilesList.tsx(3800,26): error TS1005: ';' expected.
src/features/device-profiles/components/ProfilesList.tsx(3802,25): error TS1434: Unexpected keyword or identifier.
src/features/device-profiles/components/ProfilesList.tsx(3803,21): error TS1128: Declaration or statement expected.
src/features/device-profiles/components/ProfilesList.tsx(3804,17): error TS1109: Expression expected.
src/features/device-profiles/components/ProfilesList.tsx(3806,27): error TS1136: Property assignment expected.
src/features/device-profiles/components/ProfilesList.tsx(3806,30): error TS1005: ';' expected.
src/features/device-profiles/components/ProfilesList.tsx(3806,66): error TS1128: Declaration or statement expected.
src/features/device-profiles/components/ProfilesList.tsx(3807,29): error TS1005: ':' expected.
src/features/device-profiles/components/ProfilesList.tsx(3808,27): error TS1005: ':' expected.
src/features/device-profiles/components/ProfilesList.tsx(3810,25): error TS1136: Property assignment expected.
src/features/device-profiles/components/ProfilesList.tsx(3812,18): error TS1128: Declaration or statement expected.
src/features/device-profiles/components/ProfilesList.tsx(3905,13): error TS1128: Declaration or statement expected.
src/features/device-profiles/components/ProfilesList.tsx(3910,21): error TS1136: Property assignment expected.
src/features/device-profiles/components/ProfilesList.tsx(3910,26): error TS1005: ';' expected.
src/features/device-profiles/components/ProfilesList.tsx(3912,25): error TS1434: Unexpected keyword or identifier.
src/features/device-profiles/components/ProfilesList.tsx(3912,34): error TS1434: Unexpected keyword or identifier.
src/features/device-profiles/components/ProfilesList.tsx(3913,21): error TS1128: Declaration or statement expected.
src/features/device-profiles/components/ProfilesList.tsx(3914,17): error TS1109: Expression expected.
src/features/device-profiles/components/ProfilesList.tsx(3916,27): error TS1136: Property assignment expected.
src/features/device-profiles/components/ProfilesList.tsx(3916,30): error TS1005: ';' expected.
src/features/device-profiles/components/ProfilesList.tsx(3916,66): error TS1128: Declaration or statement expected.
src/features/device-profiles/components/ProfilesList.tsx(3917,29): error TS1005: ':' expected.
src/features/device-profiles/components/ProfilesList.tsx(3918,27): error TS1005: ':' expected.
src/features/device-profiles/components/ProfilesList.tsx(3920,25): error TS1136: Property assignment expected.
src/features/device-profiles/components/ProfilesList.tsx(3922,18): error TS1128: Declaration or statement expected.
src/features/device-profiles/components/ProfilesList.tsx(4121,13): error TS1128: Declaration or statement expected.
src/features/device-profiles/components/ProfilesList.tsx(4126,21): error TS1136: Property assignment expected.
src/features/device-profiles/components/ProfilesList.tsx(4126,26): error TS1005: ';' expected.
src/features/device-profiles/components/ProfilesList.tsx(4128,25): error TS1434: Unexpected keyword or identifier.
src/features/device-profiles/components/ProfilesList.tsx(4128,32): error TS1434: Unexpected keyword or identifier.
src/features/device-profiles/components/ProfilesList.tsx(4129,21): error TS1128: Declaration or statement expected.
src/features/device-profiles/components/ProfilesList.tsx(4130,17): error TS1109: Expression expected.
src/features/device-profiles/components/ProfilesList.tsx(4132,27): error TS1136: Property assignment expected.
src/features/device-profiles/components/ProfilesList.tsx(4132,30): error TS1005: ';' expected.
src/features/device-profiles/components/ProfilesList.tsx(4132,71): error TS1128: Declaration or statement expected.
src/features/device-profiles/components/ProfilesList.tsx(4133,29): error TS1005: ':' expected.
src/features/device-profiles/components/ProfilesList.tsx(4134,27): error TS1005: ':' expected.
src/features/device-profiles/components/ProfilesList.tsx(4136,25): error TS1136: Property assignment expected.
src/features/device-profiles/components/ProfilesList.tsx(4138,18): error TS1128: Declaration or statement expected.
src/features/device-profiles/components/ProfilesList.tsx(4199,13): error TS1128: Declaration or statement expected.
src/features/device-profiles/components/ProfilesList.tsx(4204,21): error TS1136: Property assignment expected.
src/features/device-profiles/components/ProfilesList.tsx(4204,26): error TS1005: ';' expected.
src/features/device-profiles/components/ProfilesList.tsx(4206,25): error TS1434: Unexpected keyword or identifier.
src/features/device-profiles/components/ProfilesList.tsx(4207,21): error TS1128: Declaration or statement expected.
src/features/device-profiles/components/ProfilesList.tsx(4208,17): error TS1109: Expression expected.
src/features/device-profiles/components/ProfilesList.tsx(4210,27): error TS1136: Property assignment expected.
src/features/device-profiles/components/ProfilesList.tsx(4210,30): error TS1005: ';' expected.
src/features/device-profiles/components/ProfilesList.tsx(4210,62): error TS1128: Declaration or statement expected.
src/features/device-profiles/components/ProfilesList.tsx(4211,29): error TS1005: ':' expected.
src/features/device-profiles/components/ProfilesList.tsx(4212,27): error TS1005: ':' expected.
src/features/device-profiles/components/ProfilesList.tsx(4214,25): error TS1136: Property assignment expected.
src/features/device-profiles/components/ProfilesList.tsx(4216,18): error TS1128: Declaration or statement expected.
src/features/device-profiles/components/ProfilesList.tsx(4384,13): error TS1128: Declaration or statement expected.
src/features/device-profiles/components/ProfilesList.tsx(4387,20): error TS1005: ';' expected.
src/features/device-profiles/components/ProfilesList.tsx(4387,32): error TS1136: Property assignment expected.
src/features/device-profiles/components/ProfilesList.tsx(4522,14): error TS1128: Declaration or statement expected.
src/features/device-profiles/components/ProfilesList.tsx(4522,15): error TS1128: Declaration or statement expected.
src/features/device-profiles/components/ProfilesList.tsx(4523,9): error TS1109: Expression expected.
src/features/device-profiles/components/ProfilesList.tsx(4524,5): error TS1109: Expression expected.
src/features/device-profiles/components/ProfilesList.tsx(4525,1): error TS1128: Declaration or statement expected.
